<html>
<body>
<pre>
<h1>�Vision Build Log</h1>
<h2>Tool Versions:</h2>
IDE-Version: �Vision V5.26.2.0
Copyright (C) 2018 ARM Ltd and ARM Germany GmbH. All rights reserved.
License Information: 1 2, 3, LIC=GMZI6-DCNWP-LQ20Q-N0S8A-9UMXT-E543Q
 
Tool Versions:
Toolchain:       MDK-ARM Plus  Version: 5.15.0
Toolchain Path:  C:\Keil_v5\ARM\ARMCC\Bin
C Compiler:      Armcc.exe V5.05 update 2 (build 169)
Assembler:       Armasm.exe V5.05 update 2 (build 169)
Linker/Locator:  ArmLink.exe V5.05 update 2 (build 169)
Library Manager: ArmAr.exe V5.05 update 2 (build 169)
Hex Converter:   FromElf.exe V5.05 update 2 (build 169)
CPU DLL:         SARMCM3.DLL V5.15.0
Dialog DLL:      DARMCM1.DLL V1.12.0.0
Target DLL:      Segger\JL2CM3.dll V2.99.15.0
Dialog DLL:      TARMCM1.DLL V1.9.0.0
 
<h2>Project:</h2>
C:\Users\chubarevsa\Desktop\diplom\program.uvprojx
Project File Date:  07/30/2024

<h2>Output:</h2>
*** Using Compiler 'V5.05 update 2 (build 169)', folder: 'C:\Keil_v5\ARM\ARMCC\Bin'
Rebuild target 'Target 1'
compiling main.c...
C:\Keil_v5\ARM\PACK\Keil\MDR1986BExx\2.0.3\Libraries\SPL\MDR32Fx\inc\MDR32F9Qx_port.h(225): warning:  #1215-D: #warning directive: "Legacy v1.5.3: @ref BitAction enumeration (Bit_RESET, Bit_SET) will be removed. Use @ref BitStatus."
      #warning "Legacy v1.5.3: @ref BitAction enumeration (Bit_RESET, Bit_SET) will be removed. Use @ref BitStatus."
C:\Keil_v5\ARM\PACK\Keil\MDR1986BExx\2.0.3\Libraries\SPL\MDR32Fx\inc\MDR32F9Qx_port.h(286): warning:  #1215-D: #warning directive: "Legacy v1.5.3: BitAction enumeration (Bit_RESET, Bit_SET) will be removed. In PORT_WriteBit() function use @ref BitStatus instead of @ref BitAction"
      #warning "Legacy v1.5.3: BitAction enumeration (Bit_RESET, Bit_SET) will be removed. In PORT_WriteBit() function use @ref BitStatus instead of @ref BitAction"
C:\Keil_v5\ARM\PACK\Keil\MDR1986BExx\2.0.3\Libraries\SPL\MDR32Fx\inc\MDR32F9Qx_eth.h(518): warning:  #1215-D: #warning directive: "Legacy v1.5.3: ETH_ERROR and ETH_SUCCESS will be removed: use @ref ErrorStatus (ERROR as ETH_ERROR, SUCCESS as ETH_SUCCESS)"
      #warning "Legacy v1.5.3: ETH_ERROR and ETH_SUCCESS will be removed: use @ref ErrorStatus (ERROR as ETH_ERROR, SUCCESS as ETH_SUCCESS)"
.\h-files\init.h(100): warning:  #1-D: last line of file ends without a newline
  #endif //__INIT_H
c-files\main.c: 4 warnings, 0 errors
compiling init.c...
C:\Keil_v5\ARM\PACK\Keil\MDR1986BExx\2.0.3\Libraries\CMSIS\MDR32Fx\DeviceSupport\MDR1986VE1T\inc\MDR1986VE1T.h(854): warning:  #1215-D: #warning directive: "Legacy v1.5.3: RST_CLK_PLL_CONTROL_PLL_CPU_PLD_Pos will be replaced by RST_CLK_PLL_CONTROL_PLL_CPU_RLD_Pos"
      #warning "Legacy v1.5.3: RST_CLK_PLL_CONTROL_PLL_CPU_PLD_Pos will be replaced by RST_CLK_PLL_CONTROL_PLL_CPU_RLD_Pos"
C:\Keil_v5\ARM\PACK\Keil\MDR1986BExx\2.0.3\Libraries\CMSIS\MDR32Fx\DeviceSupport\MDR1986VE1T\inc\MDR1986VE1T.h(867): warning:  #1215-D: #warning directive: "Legacy v1.5.3: RST_CLK_PLL_CONTROL_PLL_CPU_PLD will be replaced by RST_CLK_PLL_CONTROL_PLL_CPU_RLD"
      #warning "Legacy v1.5.3: RST_CLK_PLL_CONTROL_PLL_CPU_PLD will be replaced by RST_CLK_PLL_CONTROL_PLL_CPU_RLD"
C:\Keil_v5\ARM\PACK\Keil\MDR1986BExx\2.0.3\Libraries\SPL\MDR32Fx\inc\MDR32F9Qx_port.h(225): warning:  #1215-D: #warning directive: "Legacy v1.5.3: @ref BitAction enumeration (Bit_RESET, Bit_SET) will be removed. Use @ref BitStatus."
      #warning "Legacy v1.5.3: @ref BitAction enumeration (Bit_RESET, Bit_SET) will be removed. Use @ref BitStatus."
C:\Keil_v5\ARM\PACK\Keil\MDR1986BExx\2.0.3\Libraries\SPL\MDR32Fx\inc\MDR32F9Qx_port.h(286): warning:  #1215-D: #warning directive: "Legacy v1.5.3: BitAction enumeration (Bit_RESET, Bit_SET) will be removed. In PORT_WriteBit() function use @ref BitStatus instead of @ref BitAction"
      #warning "Legacy v1.5.3: BitAction enumeration (Bit_RESET, Bit_SET) will be removed. In PORT_WriteBit() function use @ref BitStatus instead of @ref BitAction"
C:\Keil_v5\ARM\PACK\Keil\MDR1986BExx\2.0.3\Libraries\SPL\MDR32Fx\inc\MDR32F9Qx_eth.h(518): warning:  #1215-D: #warning directive: "Legacy v1.5.3: ETH_ERROR and ETH_SUCCESS will be removed: use @ref ErrorStatus (ERROR as ETH_ERROR, SUCCESS as ETH_SUCCESS)"
      #warning "Legacy v1.5.3: ETH_ERROR and ETH_SUCCESS will be removed: use @ref ErrorStatus (ERROR as ETH_ERROR, SUCCESS as ETH_SUCCESS)"
.\h-files\init.h(100): warning:  #1-D: last line of file ends without a newline
  #endif //__INIT_H
C:\Keil_v5\ARM\PACK\Keil\MDR1986BExx\2.0.3\Libraries\SPL\MDR32Fx\inc\MDR32F9Qx_timer.h(91): warning:  #1215-D: #warning directive: "Legacy v1.5.3: TIMER_EvSrc_None is deprecated and will be removed, use TIMER_EvSrc_TIM_CLK instead"
      #warning "Legacy v1.5.3: TIMER_EvSrc_None is deprecated and will be removed, use TIMER_EvSrc_TIM_CLK instead"
c-files\init.c(204): warning:  #1-D: last line of file ends without a newline
  //ТТТТТТТТТТТТТТТТТТТТТТТТТТТТТТТТТТТТТТТТТТТТТТТТТТТТТТТТТТТТТТТТТТТТТТТТТТТТТТТТТТТТТТТТТТТТТТТТТТТТТТТТТТ
c-files\init.c: 8 warnings, 0 errors
compiling interruptions.c...
C:\Keil_v5\ARM\PACK\Keil\MDR1986BExx\2.0.3\Libraries\CMSIS\MDR32Fx\DeviceSupport\MDR1986VE1T\inc\MDR1986VE1T.h(854): warning:  #1215-D: #warning directive: "Legacy v1.5.3: RST_CLK_PLL_CONTROL_PLL_CPU_PLD_Pos will be replaced by RST_CLK_PLL_CONTROL_PLL_CPU_RLD_Pos"
      #warning "Legacy v1.5.3: RST_CLK_PLL_CONTROL_PLL_CPU_PLD_Pos will be replaced by RST_CLK_PLL_CONTROL_PLL_CPU_RLD_Pos"
C:\Keil_v5\ARM\PACK\Keil\MDR1986BExx\2.0.3\Libraries\CMSIS\MDR32Fx\DeviceSupport\MDR1986VE1T\inc\MDR1986VE1T.h(867): warning:  #1215-D: #warning directive: "Legacy v1.5.3: RST_CLK_PLL_CONTROL_PLL_CPU_PLD will be replaced by RST_CLK_PLL_CONTROL_PLL_CPU_RLD"
      #warning "Legacy v1.5.3: RST_CLK_PLL_CONTROL_PLL_CPU_PLD will be replaced by RST_CLK_PLL_CONTROL_PLL_CPU_RLD"
.\h-files\interruptions.h(10): warning:  #1-D: last line of file ends without a newline
  #endif //__INTERRUPTIONS_H
C:\Keil_v5\ARM\PACK\Keil\MDR1986BExx\2.0.3\Libraries\SPL\MDR32Fx\inc\MDR32F9Qx_timer.h(91): warning:  #1215-D: #warning directive: "Legacy v1.5.3: TIMER_EvSrc_None is deprecated and will be removed, use TIMER_EvSrc_TIM_CLK instead"
      #warning "Legacy v1.5.3: TIMER_EvSrc_None is deprecated and will be removed, use TIMER_EvSrc_TIM_CLK instead"
C:\Keil_v5\ARM\PACK\Keil\MDR1986BExx\2.0.3\Libraries\SPL\MDR32Fx\inc\MDR32F9Qx_port.h(225): warning:  #1215-D: #warning directive: "Legacy v1.5.3: @ref BitAction enumeration (Bit_RESET, Bit_SET) will be removed. Use @ref BitStatus."
      #warning "Legacy v1.5.3: @ref BitAction enumeration (Bit_RESET, Bit_SET) will be removed. Use @ref BitStatus."
C:\Keil_v5\ARM\PACK\Keil\MDR1986BExx\2.0.3\Libraries\SPL\MDR32Fx\inc\MDR32F9Qx_port.h(286): warning:  #1215-D: #warning directive: "Legacy v1.5.3: BitAction enumeration (Bit_RESET, Bit_SET) will be removed. In PORT_WriteBit() function use @ref BitStatus instead of @ref BitAction"
      #warning "Legacy v1.5.3: BitAction enumeration (Bit_RESET, Bit_SET) will be removed. In PORT_WriteBit() function use @ref BitStatus instead of @ref BitAction"
C:\Keil_v5\ARM\PACK\Keil\MDR1986BExx\2.0.3\Libraries\SPL\MDR32Fx\inc\MDR32F9Qx_eth.h(518): warning:  #1215-D: #warning directive: "Legacy v1.5.3: ETH_ERROR and ETH_SUCCESS will be removed: use @ref ErrorStatus (ERROR as ETH_ERROR, SUCCESS as ETH_SUCCESS)"
      #warning "Legacy v1.5.3: ETH_ERROR and ETH_SUCCESS will be removed: use @ref ErrorStatus (ERROR as ETH_ERROR, SUCCESS as ETH_SUCCESS)"
.\h-files\init.h(100): warning:  #1-D: last line of file ends without a newline
  #endif //__INIT_H
c-files\interruptions.c: 8 warnings, 0 errors
compiling 1636RR52.c...
C:\Keil_v5\ARM\PACK\Keil\MDR1986BExx\2.0.3\Libraries\CMSIS\MDR32Fx\DeviceSupport\MDR1986VE1T\inc\MDR1986VE1T.h(854): warning:  #1215-D: #warning directive: "Legacy v1.5.3: RST_CLK_PLL_CONTROL_PLL_CPU_PLD_Pos will be replaced by RST_CLK_PLL_CONTROL_PLL_CPU_RLD_Pos"
      #warning "Legacy v1.5.3: RST_CLK_PLL_CONTROL_PLL_CPU_PLD_Pos will be replaced by RST_CLK_PLL_CONTROL_PLL_CPU_RLD_Pos"
C:\Keil_v5\ARM\PACK\Keil\MDR1986BExx\2.0.3\Libraries\CMSIS\MDR32Fx\DeviceSupport\MDR1986VE1T\inc\MDR1986VE1T.h(867): warning:  #1215-D: #warning directive: "Legacy v1.5.3: RST_CLK_PLL_CONTROL_PLL_CPU_PLD will be replaced by RST_CLK_PLL_CONTROL_PLL_CPU_RLD"
      #warning "Legacy v1.5.3: RST_CLK_PLL_CONTROL_PLL_CPU_PLD will be replaced by RST_CLK_PLL_CONTROL_PLL_CPU_RLD"
C:\Keil_v5\ARM\PACK\Keil\MDR1986BExx\2.0.3\Libraries\SPL\MDR32Fx\inc\MDR32F9Qx_port.h(225): warning:  #1215-D: #warning directive: "Legacy v1.5.3: @ref BitAction enumeration (Bit_RESET, Bit_SET) will be removed. Use @ref BitStatus."
      #warning "Legacy v1.5.3: @ref BitAction enumeration (Bit_RESET, Bit_SET) will be removed. Use @ref BitStatus."
C:\Keil_v5\ARM\PACK\Keil\MDR1986BExx\2.0.3\Libraries\SPL\MDR32Fx\inc\MDR32F9Qx_port.h(286): warning:  #1215-D: #warning directive: "Legacy v1.5.3: BitAction enumeration (Bit_RESET, Bit_SET) will be removed. In PORT_WriteBit() function use @ref BitStatus instead of @ref BitAction"
      #warning "Legacy v1.5.3: BitAction enumeration (Bit_RESET, Bit_SET) will be removed. In PORT_WriteBit() function use @ref BitStatus instead of @ref BitAction"
C:\Keil_v5\ARM\PACK\Keil\MDR1986BExx\2.0.3\Libraries\SPL\MDR32Fx\inc\MDR32F9Qx_eth.h(518): warning:  #1215-D: #warning directive: "Legacy v1.5.3: ETH_ERROR and ETH_SUCCESS will be removed: use @ref ErrorStatus (ERROR as ETH_ERROR, SUCCESS as ETH_SUCCESS)"
      #warning "Legacy v1.5.3: ETH_ERROR and ETH_SUCCESS will be removed: use @ref ErrorStatus (ERROR as ETH_ERROR, SUCCESS as ETH_SUCCESS)"
.\h-files\init.h(100): warning:  #1-D: last line of file ends without a newline
  #endif //__INIT_H
c-files\1636RR52.c: 6 warnings, 0 errors
assembling startup_MDR1986VE1T.S...
compiling MDR1986VE1T_IT.c...
C:\Keil_v5\ARM\PACK\Keil\MDR1986BExx\2.0.3\Libraries\SPL\MDR32Fx\inc\MDR32F9Qx_port.h(225): warning:  #1215-D: #warning directive: "Legacy v1.5.3: @ref BitAction enumeration (Bit_RESET, Bit_SET) will be removed. Use @ref BitStatus."
      #warning "Legacy v1.5.3: @ref BitAction enumeration (Bit_RESET, Bit_SET) will be removed. Use @ref BitStatus."
C:\Keil_v5\ARM\PACK\Keil\MDR1986BExx\2.0.3\Libraries\SPL\MDR32Fx\inc\MDR32F9Qx_port.h(286): warning:  #1215-D: #warning directive: "Legacy v1.5.3: BitAction enumeration (Bit_RESET, Bit_SET) will be removed. In PORT_WriteBit() function use @ref BitStatus instead of @ref BitAction"
      #warning "Legacy v1.5.3: BitAction enumeration (Bit_RESET, Bit_SET) will be removed. In PORT_WriteBit() function use @ref BitStatus instead of @ref BitAction"
c-files\MDR1986VE1T_IT.c(35): warning:  #1267-D: Implicit physical register R0 should be defined as a variable
          
_ASM("MRS R0, PSP");
c-files\MDR1986VE1T_IT.c(117): warning:  #1-D: last line of file ends without a newline
  }
c-files\MDR1986VE1T_IT.c: 4 warnings, 0 errors
compiling save_flash.c...
C:\Keil_v5\ARM\PACK\Keil\MDR1986BExx\2.0.3\Libraries\SPL\MDR32Fx\inc\MDR32F9Qx_port.h(225): warning:  #1215-D: #warning directive: "Legacy v1.5.3: @ref BitAction enumeration (Bit_RESET, Bit_SET) will be removed. Use @ref BitStatus."
      #warning "Legacy v1.5.3: @ref BitAction enumeration (Bit_RESET, Bit_SET) will be removed. Use @ref BitStatus."
C:\Keil_v5\ARM\PACK\Keil\MDR1986BExx\2.0.3\Libraries\SPL\MDR32Fx\inc\MDR32F9Qx_port.h(286): warning:  #1215-D: #warning directive: "Legacy v1.5.3: BitAction enumeration (Bit_RESET, Bit_SET) will be removed. In PORT_WriteBit() function use @ref BitStatus instead of @ref BitAction"
      #warning "Legacy v1.5.3: BitAction enumeration (Bit_RESET, Bit_SET) will be removed. In PORT_WriteBit() function use @ref BitStatus instead of @ref BitAction"
C:\Keil_v5\ARM\PACK\Keil\MDR1986BExx\2.0.3\Libraries\SPL\MDR32Fx\inc\MDR32F9Qx_eth.h(518): warning:  #1215-D: #warning directive: "Legacy v1.5.3: ETH_ERROR and ETH_SUCCESS will be removed: use @ref ErrorStatus (ERROR as ETH_ERROR, SUCCESS as ETH_SUCCESS)"
      #warning "Legacy v1.5.3: ETH_ERROR and ETH_SUCCESS will be removed: use @ref ErrorStatus (ERROR as ETH_ERROR, SUCCESS as ETH_SUCCESS)"
.\h-files\init.h(100): warning:  #1-D: last line of file ends without a newline
  #endif //__INIT_H
c-files\save_flash.c: 4 warnings, 0 errors
compiling eth_can.c...
C:\Keil_v5\ARM\PACK\Keil\MDR1986BExx\2.0.3\Libraries\SPL\MDR32Fx\inc\MDR32F9Qx_port.h(225): warning:  #1215-D: #warning directive: "Legacy v1.5.3: @ref BitAction enumeration (Bit_RESET, Bit_SET) will be removed. Use @ref BitStatus."
      #warning "Legacy v1.5.3: @ref BitAction enumeration (Bit_RESET, Bit_SET) will be removed. Use @ref BitStatus."
C:\Keil_v5\ARM\PACK\Keil\MDR1986BExx\2.0.3\Libraries\SPL\MDR32Fx\inc\MDR32F9Qx_port.h(286): warning:  #1215-D: #warning directive: "Legacy v1.5.3: BitAction enumeration (Bit_RESET, Bit_SET) will be removed. In PORT_WriteBit() function use @ref BitStatus instead of @ref BitAction"
      #warning "Legacy v1.5.3: BitAction enumeration (Bit_RESET, Bit_SET) will be removed. In PORT_WriteBit() function use @ref BitStatus instead of @ref BitAction"
C:\Keil_v5\ARM\PACK\Keil\MDR1986BExx\2.0.3\Libraries\SPL\MDR32Fx\inc\MDR32F9Qx_eth.h(518): warning:  #1215-D: #warning directive: "Legacy v1.5.3: ETH_ERROR and ETH_SUCCESS will be removed: use @ref ErrorStatus (ERROR as ETH_ERROR, SUCCESS as ETH_SUCCESS)"
      #warning "Legacy v1.5.3: ETH_ERROR and ETH_SUCCESS will be removed: use @ref ErrorStatus (ERROR as ETH_ERROR, SUCCESS as ETH_SUCCESS)"
.\h-files\init.h(100): warning:  #1-D: last line of file ends without a newline
  #endif //__INIT_H
.\h-files\ethcan.h(73): warning:  #1-D: last line of file ends without a newline
  #endif	//__ETHCAN_H
c-files\eth_can.c(149): warning:  #177-D: variable "mcpp" was declared but never referenced
  	uint16_t mcpp = 70;
c-files\eth_can.c(150): warning:  #177-D: variable "sector_pam" was declared but never referenced
  	uint32_t sector_pam =	0x00036;
c-files\eth_can.c(151): warning:  #177-D: variable "out_while" was declared but never referenced
  	uint8_t out_while = 0x00;
c-files\eth_can.c(152): warning:  #177-D: variable "memory" was declared but never referenced
  	uint32_t memory = 0;
c-files\eth_can.c(214): warning:  #177-D: variable "RX_eth_pam" was declared but never referenced
  		uint8_t RX_eth_pam[70];
c-files\eth_can.c(216): warning:  #177-D: variable "i" was declared but never referenced
  		uint32_t	i = 0;
c-files\eth_can.c(217): warning:  #177-D: variable "j" was declared but never referenced
  		uint8_t		j	=	0;
c-files\eth_can.c(219): warning:  #177-D: variable "payloadL" was declared but never referenced
  		uint32_t payloadL = frameL - FR_HEAD_SIZE;
c-files\eth_can.c(262): warning:  #177-D: variable "j" was declared but never referenced
  		uint8_t		j	=	0;
c-files\eth_can.c(263): warning:  #550-D: variable "TX_eth_pam" was set but never used
  		uint8_t TX_eth_pam[70];
c-files\eth_can.c(265): warning:  #177-D: variable "payloadL" was declared but never referenced
  		uint32_t payloadL = mcpp - FR_HEAD_SIZE;
c-files\eth_can.c: 16 warnings, 0 errors
compiling system_MDR1986VE1T.c...
C:\Keil_v5\ARM\PACK\Keil\MDR1986BExx\2.0.3\Libraries\CMSIS\MDR32Fx\DeviceSupport\MDR1986VE1T\inc\MDR1986VE1T.h(854): warning:  #1215-D: #warning directive: "Legacy v1.5.3: RST_CLK_PLL_CONTROL_PLL_CPU_PLD_Pos will be replaced by RST_CLK_PLL_CONTROL_PLL_CPU_RLD_Pos"
      #warning "Legacy v1.5.3: RST_CLK_PLL_CONTROL_PLL_CPU_PLD_Pos will be replaced by RST_CLK_PLL_CONTROL_PLL_CPU_RLD_Pos"
C:\Keil_v5\ARM\PACK\Keil\MDR1986BExx\2.0.3\Libraries\CMSIS\MDR32Fx\DeviceSupport\MDR1986VE1T\inc\MDR1986VE1T.h(867): warning:  #1215-D: #warning directive: "Legacy v1.5.3: RST_CLK_PLL_CONTROL_PLL_CPU_PLD will be replaced by RST_CLK_PLL_CONTROL_PLL_CPU_RLD"
      #warning "Legacy v1.5.3: RST_CLK_PLL_CONTROL_PLL_CPU_PLD will be replaced by RST_CLK_PLL_CONTROL_PLL_CPU_RLD"
RTE\Device\MDR1986BE1T\system_MDR1986VE1T.c: 2 warnings, 0 errors
compiling MDR32F9Qx_can.c...
compiling MDR32F9Qx_dma.c...
assembling MDR32F9Qx_eeprom_cache.S...
compiling MDR32F9Qx_eeprom.c...
compiling MDR32F9Qx_eth.c...
C:\Keil_v5\ARM\PACK\Keil\MDR1986BExx\2.0.3\Libraries\SPL\MDR32Fx\inc\MDR32F9Qx_eth.h(518): warning:  #1215-D: #warning directive: "Legacy v1.5.3: ETH_ERROR and ETH_SUCCESS will be removed: use @ref ErrorStatus (ERROR as ETH_ERROR, SUCCESS as ETH_SUCCESS)"
      #warning "Legacy v1.5.3: ETH_ERROR and ETH_SUCCESS will be removed: use @ref ErrorStatus (ERROR as ETH_ERROR, SUCCESS as ETH_SUCCESS)"
C:\Keil_v5\ARM\PACK\Keil\MDR1986BExx\2.0.3\Libraries\SPL\MDR32Fx\src\MDR32F9Qx_eth.c: 1 warning, 0 errors
compiling MDR32F9Qx_iwdg.c...
compiling MDR32F9Qx_port.c...
C:\Keil_v5\ARM\PACK\Keil\MDR1986BExx\2.0.3\Libraries\SPL\MDR32Fx\inc\MDR32F9Qx_port.h(225): warning:  #1215-D: #warning directive: "Legacy v1.5.3: @ref BitAction enumeration (Bit_RESET, Bit_SET) will be removed. Use @ref BitStatus."
      #warning "Legacy v1.5.3: @ref BitAction enumeration (Bit_RESET, Bit_SET) will be removed. Use @ref BitStatus."
C:\Keil_v5\ARM\PACK\Keil\MDR1986BExx\2.0.3\Libraries\SPL\MDR32Fx\inc\MDR32F9Qx_port.h(286): warning:  #1215-D: #warning directive: "Legacy v1.5.3: BitAction enumeration (Bit_RESET, Bit_SET) will be removed. In PORT_WriteBit() function use @ref BitStatus instead of @ref BitAction"
      #warning "Legacy v1.5.3: BitAction enumeration (Bit_RESET, Bit_SET) will be removed. In PORT_WriteBit() function use @ref BitStatus instead of @ref BitAction"
C:\Keil_v5\ARM\PACK\Keil\MDR1986BExx\2.0.3\Libraries\SPL\MDR32Fx\src\MDR32F9Qx_port.c: 2 warnings, 0 errors
compiling MDR32F9Qx_power.c...
C:\Keil_v5\ARM\PACK\Keil\MDR1986BExx\2.0.3\Libraries\SPL\MDR32Fx\src\MDR32F9Qx_power.c(87): warning:  #1215-D: #warning directive: "Legacy v1.5.3: POWER_DUccMode() moved to MDR32F9Qx_bkp.c as BKP_DUccMode() and will be removed from MDR32F9Qx_power.c"
      #warning "Legacy v1.5.3: POWER_DUccMode() moved to MDR32F9Qx_bkp.c as BKP_DUccMode() and will be removed from MDR32F9Qx_power.c"
C:\Keil_v5\ARM\PACK\Keil\MDR1986BExx\2.0.3\Libraries\SPL\MDR32Fx\src\MDR32F9Qx_power.c(108): warning:  #1215-D: #warning directive: "Legacy v1.5.3: POWER_DUccTrim() moved to MDR32F9Qx_bkp.c as BKP_DUccTrim() and will be removed from MDR32F9Qx_power.c"
      #warning "Legacy v1.5.3: POWER_DUccTrim() moved to MDR32F9Qx_bkp.c as BKP_DUccTrim() and will be removed from MDR32F9Qx_power.c"
C:\Keil_v5\ARM\PACK\Keil\MDR1986BExx\2.0.3\Libraries\SPL\MDR32Fx\src\MDR32F9Qx_power.c(129): warning:  #1215-D: #warning directive: "Legacy v1.5.3: POWER_DUccStandby() moved to MDR32F9Qx_bkp.c as BKP_EnterSTANDBYMode() and will be removed from MDR32F9Qx_power.c"
      #warning "Legacy v1.5.3: POWER_DUccStandby() moved to MDR32F9Qx_bkp.c as BKP_EnterSTANDBYMode() and will be removed from MDR32F9Qx_power.c"
C:\Keil_v5\ARM\PACK\Keil\MDR1986BExx\2.0.3\Libraries\SPL\MDR32Fx\src\MDR32F9Qx_power.c(145): warning:  #1215-D: #warning directive: "Legacy v1.5.3: POWER_EnterSTANDBYMode() moved to MDR32F9Qx_bkp.c as BKP_EnterSTANDBYMode() and will be removed from MDR32F9Qx_power.c"
      #warning "Legacy v1.5.3: POWER_EnterSTANDBYMode() moved to MDR32F9Qx_bkp.c as BKP_EnterSTANDBYMode() and will be removed from MDR32F9Qx_power.c"
C:\Keil_v5\ARM\PACK\Keil\MDR1986BExx\2.0.3\Libraries\SPL\MDR32Fx\src\MDR32F9Qx_power.c(162): warning:  #1215-D: #warning directive: "Legacy v1.5.3: POWER_SetFlagPOR() moved to MDR32F9Qx_bkp.c as BKP_SetFlagPOR() and will be removed from MDR32F9Qx_power.c"
      #warning "Legacy v1.5.3: POWER_SetFlagPOR() moved to MDR32F9Qx_bkp.c as BKP_SetFlagPOR() and will be removed from MDR32F9Qx_power.c"
C:\Keil_v5\ARM\PACK\Keil\MDR1986BExx\2.0.3\Libraries\SPL\MDR32Fx\src\MDR32F9Qx_power.c(178): warning:  #1215-D: #warning directive: "Legacy v1.5.3: POWER_FlagPORstatus() moved to MDR32F9Qx_bkp.c as BKP_FlagPORstatus() and will be removed from MDR32F9Qx_power.c"
      #warning "Legacy v1.5.3: POWER_FlagPORstatus() moved to MDR32F9Qx_bkp.c as BKP_FlagPORstatus() and will be removed from MDR32F9Qx_power.c"
C:\Keil_v5\ARM\PACK\Keil\MDR1986BExx\2.0.3\Libraries\SPL\MDR32Fx\src\MDR32F9Qx_power.c(250): warning:  #1215-D: #warning directive: "Legacy v1.5.3: POWER_EnterSLEEPMode() moved to MDR32F9Qx_bkp.c as BKP_EnterSLEEPMode() and will be removed from MDR32F9Qx_power.c"
      #warning "Legacy v1.5.3: POWER_EnterSLEEPMode() moved to MDR32F9Qx_bkp.c as BKP_EnterSLEEPMode() and will be removed from MDR32F9Qx_power.c"
C:\Keil_v5\ARM\PACK\Keil\MDR1986BExx\2.0.3\Libraries\SPL\MDR32Fx\src\MDR32F9Qx_power.c(266): warning:  #1215-D: #warning directive: "Legacy v1.5.3: POWER_SetTrim() moved to MDR32F9Qx_bkp.c as BKP_SetTrim() and will be removed in next update from MDR32F9Qx_power.c"
      #warning "Legacy v1.5.3: POWER_SetTrim() moved to MDR32F9Qx_bkp.c as BKP_SetTrim() and will be removed in next update from MDR32F9Qx_power.c"
C:\Keil_v5\ARM\PACK\Keil\MDR1986BExx\2.0.3\Libraries\SPL\MDR32Fx\src\MDR32F9Qx_power.c: 8 warnings, 0 errors
compiling MDR32F9Qx_ssp.c...
compiling MDR32F9Qx_rst_clk.c...
C:\Keil_v5\ARM\PACK\Keil\MDR1986BExx\2.0.3\Libraries\SPL\MDR32Fx\src\MDR32F9Qx_rst_clk.c(37): warning:  #1215-D: #warning directive: "Legacy v1.5.3: Clock frequencies and timeouts will be removed from MDR32F9Qx_rst_clk.c. Use definitions in MDR32F9Qx_config.h"
      #warning "Legacy v1.5.3: Clock frequencies and timeouts will be removed from MDR32F9Qx_rst_clk.c. Use definitions in MDR32F9Qx_config.h"
C:\Keil_v5\ARM\PACK\Keil\MDR1986BExx\2.0.3\Libraries\SPL\MDR32Fx\src\MDR32F9Qx_rst_clk.c: 1 warning, 0 errors
compiling MDR32F9Qx_timer.c...
C:\Keil_v5\ARM\PACK\Keil\MDR1986BExx\2.0.3\Libraries\SPL\MDR32Fx\inc\MDR32F9Qx_timer.h(91): warning:  #1215-D: #warning directive: "Legacy v1.5.3: TIMER_EvSrc_None is deprecated and will be removed, use TIMER_EvSrc_TIM_CLK instead"
      #warning "Legacy v1.5.3: TIMER_EvSrc_None is deprecated and will be removed, use TIMER_EvSrc_TIM_CLK instead"
C:\Keil_v5\ARM\PACK\Keil\MDR1986BExx\2.0.3\Libraries\SPL\MDR32Fx\src\MDR32F9Qx_timer.c: 1 warning, 0 errors
linking...
Program Size: Code=8560 RO-data=224 RW-data=4096 ZI-data=8680  
FromELF: creating hex file...
".\Objects\program.axf" - 0 Error(s), 65 Warning(s).

<h2>Software Packages used:</h2>

Package Vendor: Keil
                https://ic.milandr.ru/soft/Keil.MDR1986BExx.2.0.3.pack
                Keil.MDR1986BExx.2.0.3
                Milandr MDR1986BExx Series Device Support, Drivers and Examples
   * Component: Startup Variant: 1. Rev.6+ Version: 2.0.3
   * Component: CAN Version: 2.0.3
   * Component: DMA Version: 2.0.3
   * Component: EEPROM Version: 2.0.3
   * Component: Ethernet Version: 2.0.3
   * Component: IWDG Version: 2.0.3
   * Component: PORT Version: 2.0.3
   * Component: POWER Version: 2.0.3
   * Component: RST_CLK Version: 2.0.3
   * Component: SSP Version: 2.0.3
   * Component: TIMER Version: 2.0.3

<h2>Collection of Component include folders:</h2>
  .\RTE\Device\MDR1986BE1T
  .\RTE\_Target_1
  C:\Keil_v5\ARM\PACK\Keil\MDR1986BExx\2.0.3\Libraries\CMSIS\MDR32Fx\CoreSupport\CM1
  C:\Keil_v5\ARM\PACK\Keil\MDR1986BExx\2.0.3\Libraries\CMSIS\MDR32Fx\DeviceSupport\MDR1986VE1T\inc
  C:\Keil_v5\ARM\PACK\Keil\MDR1986BExx\2.0.3\Libraries\SPL\MDR32Fx\inc

<h2>Collection of Component Files used:</h2>

   * Component: Keil::Device:Startup:1. Rev.6+:2.0.3
      Source file:   Libraries\SPL\MDR32Fx\src\IRQ_Handler_Template\MDR1986VE1T_IT.c
      Include file:  Libraries\CMSIS\MDR32Fx\CoreSupport\CM1\core_cm1.h
      Include file:  Libraries\CMSIS\MDR32Fx\DeviceSupport\MDR1986VE1T\inc\MDR1986VE1T.h
      Source file:   Libraries\CMSIS\MDR32Fx\DeviceSupport\MDR1986VE1T\startup\arm\system_MDR1986VE1T.c
      Include file:  Libraries\CMSIS\MDR32Fx\DeviceSupport\MDR1986VE1T\startup\arm\system_MDR1986VE1T.h
      Source file:   Libraries\CMSIS\MDR32Fx\DeviceSupport\MDR1986VE1T\startup\arm\startup_MDR1986VE1T.S
      Include file:  Libraries\SPL\MDR32Fx\MDR32F9Qx_config.h
      Include file:  Libraries\SPL\MDR32Fx\inc\IRQ_Handler_Template\MDR1986VE1T_IT.h

   * Component: Keil::Drivers:CAN:2.0.3
      Include file:  Libraries\SPL\MDR32Fx\inc\MDR32F9Qx_can.h
      Source file:   Libraries\SPL\MDR32Fx\src\MDR32F9Qx_can.c

   * Component: Keil::Drivers:DMA:2.0.3
      Include file:  Libraries\SPL\MDR32Fx\inc\MDR32F9Qx_dma.h
      Source file:   Libraries\SPL\MDR32Fx\src\MDR32F9Qx_dma.c

   * Component: Keil::Drivers:EEPROM:2.0.3
      Source file:   Libraries\SPL\MDR32Fx\src\MDR32F9Qx_eeprom.c
      Include file:  Libraries\SPL\MDR32Fx\inc\MDR32F9Qx_eeprom.h
      Source file:   Libraries\SPL\MDR32Fx\src\MDR32F9Qx_eeprom_cache.S

   * Component: Keil::Drivers:Ethernet:2.0.3
      Source file:   Libraries\SPL\MDR32Fx\src\MDR32F9Qx_eth.c
      Include file:  Libraries\SPL\MDR32Fx\inc\MDR32F9Qx_eth.h

   * Component: Keil::Drivers:IWDG:2.0.3
      Source file:   Libraries\SPL\MDR32Fx\src\MDR32F9Qx_iwdg.c
      Include file:  Libraries\SPL\MDR32Fx\inc\MDR32F9Qx_iwdg.h

   * Component: Keil::Drivers:PORT:2.0.3
      Include file:  Libraries\SPL\MDR32Fx\inc\MDR32F9Qx_port.h
      Source file:   Libraries\SPL\MDR32Fx\src\MDR32F9Qx_port.c

   * Component: Keil::Drivers:POWER:2.0.3
      Include file:  Libraries\SPL\MDR32Fx\inc\MDR32F9Qx_power.h
      Source file:   Libraries\SPL\MDR32Fx\src\MDR32F9Qx_power.c

   * Component: Keil::Drivers:RST_CLK:2.0.3
      Include file:  Libraries\SPL\MDR32Fx\inc\MDR32F9Qx_rst_clk.h
      Source file:   Libraries\SPL\MDR32Fx\src\MDR32F9Qx_rst_clk.c

   * Component: Keil::Drivers:SSP:2.0.3
      Source file:   Libraries\SPL\MDR32Fx\src\MDR32F9Qx_ssp.c
      Include file:  Libraries\SPL\MDR32Fx\inc\MDR32F9Qx_ssp.h

   * Component: Keil::Drivers:TIMER:2.0.3
      Include file:  Libraries\SPL\MDR32Fx\inc\MDR32F9Qx_timer.h
      Source file:   Libraries\SPL\MDR32Fx\src\MDR32F9Qx_timer.c
Build Time Elapsed:  00:00:03
</pre>
</body>
</html>
